a:\dev\doom\build-windows-vs18-sdl\doom.dir\debug\vc145.pdb
a:\dev\doom\build-windows-vs18-sdl\doom.dir\debug\p_ceilng.obj
a:\dev\doom\build-windows-vs18-sdl\doom.dir\debug\am_map.obj
a:\dev\doom\build-windows-vs18-sdl\doom.dir\debug\m_random.obj
a:\dev\doom\build-windows-vs18-sdl\doom.dir\debug\m_cheat.obj
a:\dev\doom\build-windows-vs18-sdl\doom.dir\debug\m_swap.obj
a:\dev\doom\build-windows-vs18-sdl\doom.dir\debug\m_fixed.obj
a:\dev\doom\build-windows-vs18-sdl\doom.dir\debug\m_bbox.obj
a:\dev\doom\build-windows-vs18-sdl\doom.dir\debug\m_argv.obj
a:\dev\doom\build-windows-vs18-sdl\doom.dir\debug\m_misc.obj
a:\dev\doom\build-windows-vs18-sdl\doom.dir\debug\m_menu.obj
a:\dev\doom\build-windows-vs18-sdl\doom.dir\debug\g_game.obj
a:\dev\doom\build-windows-vs18-sdl\doom.dir\debug\d_items.obj
a:\dev\doom\build-windows-vs18-sdl\doom.dir\debug\d_net.obj
a:\dev\doom\build-windows-vs18-sdl\doom.dir\debug\d_main.obj
a:\dev\doom\build-windows-vs18-sdl\doom.dir\debug\f_wipe.obj
a:\dev\doom\build-windows-vs18-sdl\doom.dir\debug\f_finale.obj
a:\dev\doom\build-windows-vs18-sdl\doom.dir\debug\tables.obj
a:\dev\doom\build-windows-vs18-sdl\doom.dir\debug\dstrings.obj
a:\dev\doom\build-windows-vs18-sdl\doom.dir\debug\doomstat.obj
a:\dev\doom\build-windows-vs18-sdl\doom.dir\debug\doomdef.obj
a:\dev\doom\build-windows-vs18-sdl\doom.dir\debug\r_data.obj
a:\dev\doom\build-windows-vs18-sdl\doom.dir\debug\r_bsp.obj
a:\dev\doom\build-windows-vs18-sdl\doom.dir\debug\p_user.obj
a:\dev\doom\build-windows-vs18-sdl\doom.dir\debug\p_saveg.obj
a:\dev\doom\build-windows-vs18-sdl\doom.dir\debug\p_tick.obj
a:\dev\doom\build-windows-vs18-sdl\doom.dir\debug\p_telept.obj
a:\dev\doom\build-windows-vs18-sdl\doom.dir\debug\p_mobj.obj
a:\dev\doom\build-windows-vs18-sdl\doom.dir\debug\p_switch.obj
a:\dev\doom\build-windows-vs18-sdl\doom.dir\debug\p_spec.obj
a:\dev\doom\build-windows-vs18-sdl\doom.dir\debug\p_sight.obj
a:\dev\doom\build-windows-vs18-sdl\doom.dir\debug\p_setup.obj
a:\dev\doom\build-windows-vs18-sdl\doom.dir\debug\p_pspr.obj
a:\dev\doom\build-windows-vs18-sdl\doom.dir\debug\p_plats.obj
a:\dev\doom\build-windows-vs18-sdl\doom.dir\debug\p_maputl.obj
a:\dev\doom\build-windows-vs18-sdl\doom.dir\debug\p_map.obj
a:\dev\doom\build-windows-vs18-sdl\doom.dir\debug\p_lights.obj
a:\dev\doom\build-windows-vs18-sdl\doom.dir\debug\p_inter.obj
a:\dev\doom\build-windows-vs18-sdl\doom.dir\debug\p_floor.obj
a:\dev\doom\build-windows-vs18-sdl\doom.dir\debug\p_enemy.obj
a:\dev\doom\build-windows-vs18-sdl\doom.dir\debug\p_doors.obj
a:\dev\doom\build-windows-vs18-sdl\doom.dir\debug\i_sound.obj
a:\dev\doom\build-windows-vs18-sdl\doom.dir\debug\i_video.obj
a:\dev\doom\build-windows-vs18-sdl\doom.dir\debug\i_main.obj
a:\dev\doom\build-windows-vs18-sdl\doom.dir\debug\sounds.obj
a:\dev\doom\build-windows-vs18-sdl\doom.dir\debug\info.obj
a:\dev\doom\build-windows-vs18-sdl\doom.dir\debug\z_zone.obj
a:\dev\doom\build-windows-vs18-sdl\doom.dir\debug\s_sound.obj
a:\dev\doom\build-windows-vs18-sdl\doom.dir\debug\hu_lib.obj
a:\dev\doom\build-windows-vs18-sdl\doom.dir\debug\hu_stuff.obj
a:\dev\doom\build-windows-vs18-sdl\doom.dir\debug\st_stuff.obj
a:\dev\doom\build-windows-vs18-sdl\doom.dir\debug\st_lib.obj
a:\dev\doom\build-windows-vs18-sdl\doom.dir\debug\v_video.obj
a:\dev\doom\build-windows-vs18-sdl\doom.dir\debug\wi_stuff.obj
a:\dev\doom\build-windows-vs18-sdl\doom.dir\debug\w_wad.obj
a:\dev\doom\build-windows-vs18-sdl\doom.dir\debug\r_things.obj
a:\dev\doom\build-windows-vs18-sdl\doom.dir\debug\r_sky.obj
a:\dev\doom\build-windows-vs18-sdl\doom.dir\debug\r_segs.obj
a:\dev\doom\build-windows-vs18-sdl\doom.dir\debug\r_plane.obj
a:\dev\doom\build-windows-vs18-sdl\doom.dir\debug\r_main.obj
a:\dev\doom\build-windows-vs18-sdl\doom.dir\debug\r_draw.obj
a:\dev\doom\build-windows-vs18-sdl\doom.dir\debug\i_net.obj
a:\dev\doom\build-windows-vs18-sdl\doom.dir\debug\i_system.obj
a:\dev\doom\build-windows-vs18-sdl\cmakefiles\generate.stamp
a:\dev\doom\build-windows-vs18-sdl\debug\doom.exe
a:\dev\doom\build-windows-vs18-sdl\debug\doom.pdb
a:\dev\doom\build-windows-vs18-sdl\doom.dir\debug\doom.ilk
a:\dev\doom\build-windows-vs18-sdl\doom.dir\debug\doom.tlog\cl.command.1.tlog
a:\dev\doom\build-windows-vs18-sdl\doom.dir\debug\doom.tlog\cl.items.tlog
a:\dev\doom\build-windows-vs18-sdl\doom.dir\debug\doom.tlog\cl.read.1.tlog
a:\dev\doom\build-windows-vs18-sdl\doom.dir\debug\doom.tlog\cl.write.1.tlog
a:\dev\doom\build-windows-vs18-sdl\doom.dir\debug\doom.tlog\custombuild.command.1.tlog
a:\dev\doom\build-windows-vs18-sdl\doom.dir\debug\doom.tlog\custombuild.read.1.tlog
a:\dev\doom\build-windows-vs18-sdl\doom.dir\debug\doom.tlog\custombuild.write.1.tlog
a:\dev\doom\build-windows-vs18-sdl\doom.dir\debug\doom.tlog\link.command.1.tlog
a:\dev\doom\build-windows-vs18-sdl\doom.dir\debug\doom.tlog\link.read.1.tlog
a:\dev\doom\build-windows-vs18-sdl\doom.dir\debug\doom.tlog\link.secondary.1.tlog
a:\dev\doom\build-windows-vs18-sdl\doom.dir\debug\doom.tlog\link.write.1.tlog
